// Jest Snapshot v1, https://goo.gl/fbAQLP

exports[`<SectionGrid /> should to match snapshot 1`] = `
.c2 {
  padding-bottom: 3rem;
}

.c3 {
  margin-bottom: 1rem;
}

.c6 {
  margin: 0 auto;
  margin-top: 7rem;
  display: grid;
  grid-template-columns: 1fr 1fr 1fr;
  gap: 3rem;
}

.c7 {
  width: 100%;
}

.c9 {
  margin: 0 auto;
  margin-top: 2rem;
  width: 100%;
}

.c0 {
  width: 100%;
  min-height: 100vh;
  padding: 1rem;
  padding-top: 8rem;
  background-image: url(assets/img/background.svg);
  background-position: center center;
  background-size: cover;
  color: var(--white);
}

.c1 {
  max-width: 120rem;
  margin: 0 auto;
}

.c4 {
  color: var(--white);
  font-size: 6.4rem;
  text-transform: uppercase;
}

.c8 {
  color: var(--white);
  font-size: 3.2rem;
  text-transform: none;
}

.c5 {
  color: var(--white);
  font-style: normal;
  font-size: 2rem;
}

@media (max-width:640px) {
  .c2 {
    text-align: center;
  }
}

@media (max-width:800px) {
  .c6 {
    grid-template-columns: 1fr 1fr;
  }
}

@media (max-width:550px) {
  .c6 {
    grid-template-columns: 1fr;
  }
}

@media (max-width:768px) {
  .c4 {
    font-size: 4rem;
  }
}

<div>
  <div
    class="c0"
    id=""
  >
    <div
      class="c1"
    >
      <div
        class="c2"
      >
        <div
          class=""
        >
          <div
            class="c3"
          >
            <h2
              class="c4"
            >
              My grid
            </h2>
          </div>
          <p
            class="c5"
          >
            Uma breve descrição.
          </p>
        </div>
        <div
          class="c6"
        >
          <div
            class="c7"
          >
            <h3
              class="c8"
            >
              Teste 1
            </h3>
            <div
              class="c9"
            >
              <p
                class="c5"
              >
                Lorem ipsum dolor sit, amet consectetur adipisicing elit. Debitis cum delectus molestias. Atque doloribus nobis laudantium esse ut, non commodi maxime distinctio veritatis unde, reprehenderit minus ad dolores provident maiores.
              </p>
            </div>
          </div>
          <div
            class="c7"
          >
            <h3
              class="c8"
            >
              Teste 2
            </h3>
            <div
              class="c9"
            >
              <p
                class="c5"
              >
                Lorem ipsum dolor sit, amet consectetur adipisicing elit. Debitis cum delectus molestias. Atque doloribus nobis laudantium esse ut, non commodi maxime distinctio veritatis unde, reprehenderit minus ad dolores provident maiores.
              </p>
            </div>
          </div>
          <div
            class="c7"
          >
            <h3
              class="c8"
            >
              Teste 3
            </h3>
            <div
              class="c9"
            >
              <p
                class="c5"
              >
                Lorem ipsum dolor sit, amet consectetur adipisicing elit. Debitis cum delectus molestias. Atque doloribus nobis laudantium esse ut, non commodi maxime distinctio veritatis unde, reprehenderit minus ad dolores provident maiores.
              </p>
            </div>
          </div>
        </div>
      </div>
    </div>
  </div>
</div>
`;
